2025-07-14 15:18:09,365 - INFO - STARTING ANALYSIS: 10 texts/decade, 50 words
2025-07-14 15:18:09,402 - INFO - Using device: mps
2025-07-14 15:18:09,402 - INFO - Load pretrained SentenceTransformer: all-MiniLM-L6-v2
2025-07-14 15:18:12,154 - INFO - Loading dataset...
2025-07-14 15:18:12,282 - INFO - Extracting contexts...
2025-07-14 15:19:11,529 - INFO - --- Analyzing word: 'mouse' (1/49) ---
2025-07-14 15:19:59,766 - INFO - Final Model Metrics for 'mouse': MSE=364.925453, R²=0.0169
2025-07-14 15:19:59,772 - INFO - --- Analyzing word: 'web' (2/49) ---
2025-07-14 15:20:21,422 - INFO - Final Model Metrics for 'web': MSE=815.631933, R²=0.1999
2025-07-14 15:20:21,431 - INFO - --- Analyzing word: 'cloud' (3/49) ---
2025-07-14 15:20:55,815 - INFO - Final Model Metrics for 'cloud': MSE=1091.157913, R²=0.0241
2025-07-14 15:20:55,819 - INFO - --- Analyzing word: 'virus' (4/49) ---
2025-07-14 15:20:58,453 - INFO - Final Model Metrics for 'virus': MSE=1334.848058, R²=0.0001
2025-07-14 15:20:58,455 - INFO - --- Analyzing word: 'server' (5/49) ---
2025-07-14 15:20:58,930 - WARNING - Skipping 'server': not enough contexts with valid senses.
2025-07-14 15:20:58,930 - INFO - --- Analyzing word: 'tablet' (6/49) ---
2025-07-14 15:21:00,148 - INFO - Final Model Metrics for 'tablet': MSE=633.837883, R²=0.1654
2025-07-14 15:21:00,150 - INFO - --- Analyzing word: 'drone' (7/49) ---
2025-07-14 15:21:01,300 - INFO - Final Model Metrics for 'drone': MSE=410.740741, R²=0.3801
2025-07-14 15:21:01,302 - INFO - --- Analyzing word: 'firewall' (8/49) ---
2025-07-14 15:21:01,302 - WARNING - Skipping 'firewall': insufficient contexts.
2025-07-14 15:21:01,302 - INFO - --- Analyzing word: 'spam' (9/49) ---
2025-07-14 15:21:01,302 - WARNING - Skipping 'spam': insufficient contexts.
2025-07-14 15:21:01,302 - INFO - --- Analyzing word: 'post' (10/49) ---
2025-07-14 15:29:53,975 - INFO - Final Model Metrics for 'post': MSE=348.547990, R²=0.2221
2025-07-14 15:29:53,989 - INFO - --- Analyzing word: 'tweet' (11/49) ---
2025-07-14 15:29:53,989 - WARNING - Skipping 'tweet': insufficient contexts.
2025-07-14 15:29:53,989 - INFO - --- Analyzing word: 'stream' (12/49) ---
2025-07-14 15:30:48,411 - INFO - Final Model Metrics for 'stream': MSE=736.601957, R²=0.0052
2025-07-14 15:30:48,415 - INFO - --- Analyzing word: 'feed' (13/49) ---
2025-07-14 15:30:58,274 - INFO - Final Model Metrics for 'feed': MSE=998.036968, R²=0.0288
2025-07-14 15:30:58,279 - INFO - --- Analyzing word: 'profile' (14/49) ---
2025-07-14 15:31:01,755 - INFO - Final Model Metrics for 'profile': MSE=1503.520129, R²=0.0477
2025-07-14 15:31:01,759 - INFO - --- Analyzing word: 'friend' (15/49) ---
2025-07-14 15:32:45,247 - INFO - Final Model Metrics for 'friend': MSE=1042.538357, R²=0.0009
2025-07-14 15:32:45,251 - INFO - --- Analyzing word: 'broadcast' (16/49) ---
2025-07-14 15:32:46,437 - INFO - Final Model Metrics for 'broadcast': MSE=757.325581, R²=0.0090
2025-07-14 15:32:46,439 - INFO - --- Analyzing word: 'channel' (17/49) ---
2025-07-14 15:34:21,840 - INFO - Final Model Metrics for 'channel': MSE=779.415326, R²=0.0470
2025-07-14 15:34:21,845 - INFO - --- Analyzing word: 'cell' (18/49) ---
2025-07-14 15:34:44,307 - INFO - Final Model Metrics for 'cell': MSE=1023.587375, R²=0.0225
2025-07-14 15:34:44,311 - INFO - --- Analyzing word: 'computer' (19/49) ---
2025-07-14 15:34:46,301 - INFO - Final Model Metrics for 'computer': MSE=536.575579, R²=0.0767
2025-07-14 15:34:46,304 - INFO - --- Analyzing word: 'memory' (20/49) ---
2025-07-14 15:35:17,110 - INFO - Final Model Metrics for 'memory': MSE=1097.110521, R²=0.0252
2025-07-14 15:35:17,114 - INFO - --- Analyzing word: 'network' (21/49) ---
2025-07-14 15:35:21,403 - INFO - Final Model Metrics for 'network': MSE=1202.560990, R²=0.1858
2025-07-14 15:35:21,406 - INFO - --- Analyzing word: 'terminal' (22/49) ---
2025-07-14 15:35:23,915 - INFO - Final Model Metrics for 'terminal': MSE=698.246393, R²=0.1098
2025-07-14 15:35:23,916 - INFO - --- Analyzing word: 'engine' (23/49) ---
2025-07-14 15:35:31,615 - INFO - Final Model Metrics for 'engine': MSE=1236.047237, R²=0.1072
2025-07-14 15:35:31,619 - INFO - --- Analyzing word: 'platform' (24/49) ---
2025-07-14 15:35:41,363 - INFO - Final Model Metrics for 'platform': MSE=918.935844, R²=0.0196
2025-07-14 15:35:41,369 - INFO - --- Analyzing word: 'port' (25/49) ---
2025-07-14 15:36:04,843 - INFO - Final Model Metrics for 'port': MSE=775.232613, R²=0.0429
2025-07-14 15:36:04,847 - INFO - --- Analyzing word: 'gay' (26/49) ---
2025-07-14 15:36:16,951 - INFO - Final Model Metrics for 'gay': MSE=1432.812384, R²=0.0283
2025-07-14 15:36:16,955 - INFO - --- Analyzing word: 'nice' (27/49) ---
2025-07-14 15:38:22,819 - INFO - Final Model Metrics for 'nice': MSE=926.868273, R²=0.0079
2025-07-14 15:38:22,823 - INFO - --- Analyzing word: 'awful' (28/49) ---
2025-07-14 15:38:39,351 - INFO - Final Model Metrics for 'awful': MSE=711.510449, R²=0.0045
2025-07-14 15:38:39,355 - INFO - --- Analyzing word: 'silly' (29/49) ---
2025-07-14 15:38:42,375 - INFO - Final Model Metrics for 'silly': MSE=1154.112554, R²=0.0431
2025-07-14 15:38:42,377 - INFO - --- Analyzing word: 'cool' (30/49) ---
2025-07-14 15:38:57,199 - INFO - Final Model Metrics for 'cool': MSE=657.014544, R²=0.0458
2025-07-14 15:38:57,204 - INFO - --- Analyzing word: 'sick' (31/49) ---
2025-07-14 15:54:13,410 - INFO - Final Model Metrics for 'sick': MSE=1009.615747, R²=0.0106
2025-07-14 15:54:13,416 - INFO - --- Analyzing word: 'wicked' (32/49) ---
2025-07-14 15:54:23,379 - INFO - Final Model Metrics for 'wicked': MSE=1011.045232, R²=0.0681
2025-07-14 15:54:23,386 - INFO - --- Analyzing word: 'bad' (33/49) ---
2025-07-14 15:57:13,529 - INFO - Final Model Metrics for 'bad': MSE=909.401017, R²=0.0140
2025-07-14 15:57:13,536 - INFO - --- Analyzing word: 'hot' (34/49) ---
2025-07-14 15:59:55,365 - INFO - Final Model Metrics for 'hot': MSE=860.714004, R²=0.0535
2025-07-14 15:59:55,374 - INFO - --- Analyzing word: 'queer' (35/49) ---
2025-07-14 15:59:59,773 - INFO - Final Model Metrics for 'queer': MSE=937.077120, R²=0.0013
2025-07-14 15:59:59,779 - INFO - --- Analyzing word: 'crafty' (36/49) ---
2025-07-14 16:00:00,150 - INFO - Final Model Metrics for 'crafty': MSE=304.000000, R²=0.0000
2025-07-14 16:00:00,152 - INFO - --- Analyzing word: 'cunning' (37/49) ---
2025-07-14 16:00:03,171 - INFO - Final Model Metrics for 'cunning': MSE=471.955128, R²=0.0613
2025-07-14 16:00:03,176 - INFO - --- Analyzing word: 'matrix' (38/49) ---
2025-07-14 16:00:04,463 - INFO - Final Model Metrics for 'matrix': MSE=414.062500, R²=0.0594
2025-07-14 16:00:04,463 - INFO - --- Analyzing word: 'literally' (39/49) ---
2025-07-14 16:00:08,949 - INFO - Final Model Metrics for 'literally': MSE=541.060980, R²=0.0005
2025-07-14 16:00:08,954 - INFO - --- Analyzing word: 'agenda' (40/49) ---
2025-07-14 16:00:08,954 - WARNING - Skipping 'agenda': insufficient contexts.
2025-07-14 16:00:08,954 - INFO - --- Analyzing word: 'woke' (41/49) ---
2025-07-14 16:00:13,277 - INFO - Final Model Metrics for 'woke': MSE=613.571818, R²=0.0764
2025-07-14 16:00:13,280 - INFO - --- Analyzing word: 'check' (42/49) ---
2025-07-14 16:01:24,340 - INFO - Final Model Metrics for 'check': MSE=742.101932, R²=0.3324
2025-07-14 16:01:24,346 - INFO - --- Analyzing word: 'tell' (43/49) ---
2025-07-14 16:04:31,680 - INFO - Final Model Metrics for 'tell': MSE=817.120257, R²=0.0074
2025-07-14 16:04:31,687 - INFO - --- Analyzing word: 'deadline' (44/49) ---
2025-07-14 16:04:32,109 - INFO - Final Model Metrics for 'deadline': MSE=375.000000, R²=0.0000
2025-07-14 16:04:32,109 - INFO - --- Analyzing word: 'clue' (45/49) ---
2025-07-14 16:04:36,360 - INFO - Final Model Metrics for 'clue': MSE=1293.753445, R²=0.0000
2025-07-14 16:04:36,364 - INFO - --- Analyzing word: 'meat' (46/49) ---
2025-07-14 16:04:49,340 - INFO - Final Model Metrics for 'meat': MSE=569.472147, R²=0.0000
2025-07-14 16:04:49,343 - INFO - --- Analyzing word: 'girl' (47/49) ---
2025-07-14 16:06:30,737 - INFO - Final Model Metrics for 'girl': MSE=1428.427059, R²=0.0697
2025-07-14 16:06:30,742 - INFO - --- Analyzing word: 'hound' (48/49) ---
2025-07-14 16:06:33,690 - INFO - Final Model Metrics for 'hound': MSE=1278.225490, R²=0.0053
2025-07-14 16:06:33,693 - INFO - --- Analyzing word: 'starve' (49/49) ---
2025-07-14 16:06:34,616 - WARNING - Skipping 'starve': not enough contexts with valid senses.
2025-07-14 16:06:35,462 - INFO - Master plot saved to results/mouse_master_plot.png
2025-07-14 16:06:35,469 - INFO - EXECUTION COMPLETE
